/opt/ORB_SLAM3/src/Optimizer.cc: In static member function ‘static void ORB_SLAM3::Optimizer::BundleAdjustment(const std::vector<ORB_SLAM3::KeyFrame*>&, const std::vector<ORB_SLAM3::MapPoint*>&, int, bool*, long unsigned int, bool)’:
/opt/ORB_SLAM3/src/Optimizer.cc:66:58: error: no matching function for call to ‘g2o::BlockSolver<g2o::BlockSolverTraits<6, 3> >::BlockSolver(std::unique_ptr<g2o::LinearSolverEigen<Eigen::Matrix<double, 6, 6, 0, 6, 6> >, std::default_delete<g2o::LinearSolverEigen<Eigen::Matrix<double, 6, 6, 0, 6, 6> > > >&)’
   66 |   auto solver_ptr = new g2o::BlockSolver_6_3(linearSolver);
      |                                                          ^
In file included from /opt/ORB_SLAM3/thirdparty/lib/g2o/include/g2o/core/block_solver.h:204,
                 from /opt/ORB_SLAM3/include/Optimizer.h:34:
/opt/ORB_SLAM3/thirdparty/lib/g2o/include/g2o/core/block_solver.hpp:42:1: note: candidate: ‘g2o::BlockSolver<Traits>::BlockSolver(std::unique_ptr<typename Traits::LinearSolverType>) [with Traits = g2o::BlockSolverTraits<6, 3>; typename Traits::LinearSolverType = g2o::LinearSolver<Eigen::Matrix<double, 6, 6, 0, 6, 6> >]’
   42 | BlockSolver<Traits>::BlockSolver(std::unique_ptr<LinearSolverType> linearSolver)
      | ^~~~~~~~~~~~~~~~~~~
/opt/ORB_SLAM3/thirdparty/lib/g2o/include/g2o/core/block_solver.hpp:42:68: note:   no known conversion for argument 1 from ‘unique_ptr<g2o::LinearSolverEigen<Eigen::Matrix<double, 6, 6, 0, 6, 6> >,default_delete<g2o::LinearSolverEigen<Eigen::Matrix<double, 6, 6, 0, 6, 6> >>>’ to ‘unique_ptr<g2o::LinearSolver<Eigen::Matrix<double, 6, 6, 0, 6, 6> >,default_delete<g2o::LinearSolver<Eigen::Matrix<double, 6, 6, 0, 6, 6> >>>’
   42 | BlockSolver<Traits>::BlockSolver(std::unique_ptr<LinearSolverType> linearSolver)
      |                                  ~~~~~~~~~~~~~~~~~~~~~~~~~~~~~~~~~~^~~~~~~~~~~~
/opt/ORB_SLAM3/src/Optimizer.cc:226:44: warning: comparison of integer expressions of different signedness: ‘int’ and ‘std::vector<cv::KeyPoint>::size_type’ {aka ‘long unsigned int’} [-Wsign-compare]
  226 |         if (rightIndex != -1 && rightIndex < pKF->mvKeysRight.size()) {
      |                                 ~~~~~~~~~~~^~~~~~~~~~~~~~~~~~~~~~~~~
/opt/ORB_SLAM3/src/Optimizer.cc: In static member function ‘static void ORB_SLAM3::Optimizer::FullInertialBA(ORB_SLAM3::Map*, int, bool, long unsigned int, bool*, bool, float, float, Eigen::VectorXd*, bool*)’:
/opt/ORB_SLAM3/src/Optimizer.cc:385:69: error: no matching function for call to ‘g2o::BlockSolver<g2o::BlockSolverTraits<-1, -1> >::BlockSolver(g2o::BlockSolver<g2o::BlockSolverTraits<-1, -1> >::LinearSolverType*&)’
  385 |   g2o::BlockSolverX *solver_ptr = new g2o::BlockSolverX(linearSolver);
      |                                                                     ^
/opt/ORB_SLAM3/thirdparty/lib/g2o/include/g2o/core/block_solver.hpp:42:1: note: candidate: ‘g2o::BlockSolver<Traits>::BlockSolver(std::unique_ptr<typename Traits::LinearSolverType>) [with Traits = g2o::BlockSolverTraits<-1, -1>; typename Traits::LinearSolverType = g2o::LinearSolver<Eigen::Matrix<double, -1, -1> >]’
   42 | BlockSolver<Traits>::BlockSolver(std::unique_ptr<LinearSolverType> linearSolver)
      | ^~~~~~~~~~~~~~~~~~~
/opt/ORB_SLAM3/thirdparty/lib/g2o/include/g2o/core/block_solver.hpp:42:68: note:   no known conversion for argument 1 from ‘g2o::BlockSolver<g2o::BlockSolverTraits<-1, -1> >::LinearSolverType*’ {aka ‘g2o::LinearSolver<Eigen::Matrix<double, -1, -1> >*’} to ‘std::unique_ptr<g2o::LinearSolver<Eigen::Matrix<double, -1, -1> >, std::default_delete<g2o::LinearSolver<Eigen::Matrix<double, -1, -1> > > >’
   42 | BlockSolver<Traits>::BlockSolver(std::unique_ptr<LinearSolverType> linearSolver)
      |                                  ~~~~~~~~~~~~~~~~~~~~~~~~~~~~~~~~~~^~~~~~~~~~~~
/opt/ORB_SLAM3/src/Optimizer.cc:388:57: error: no matching function for call to ‘g2o::OptimizationAlgorithmLevenberg::OptimizationAlgorithmLevenberg(g2o::BlockSolverX*&)’
  388 |       new g2o::OptimizationAlgorithmLevenberg(solver_ptr);
      |                                                         ^
In file included from /opt/ORB_SLAM3/include/Optimizer.h:36:
/opt/ORB_SLAM3/thirdparty/lib/g2o/include/g2o/core/optimization_algorithm_levenberg.h:47:12: note: candidate: ‘g2o::OptimizationAlgorithmLevenberg::OptimizationAlgorithmLevenberg(std::unique_ptr<g2o::Solver>)’
   47 |   explicit OptimizationAlgorithmLevenberg(std::unique_ptr<Solver> solver);
      |            ^~~~~~~~~~~~~~~~~~~~~~~~~~~~~~
/opt/ORB_SLAM3/thirdparty/lib/g2o/include/g2o/core/optimization_algorithm_levenberg.h:47:67: note:   no known conversion for argument 1 from ‘g2o::BlockSolverX*’ {aka ‘g2o::BlockSolver<g2o::BlockSolverTraits<-1, -1> >*’} to ‘std::unique_ptr<g2o::Solver>’
   47 |   explicit OptimizationAlgorithmLevenberg(std::unique_ptr<Solver> solver);
      |                                           ~~~~~~~~~~~~~~~~~~~~~~~~^~~~~~
/opt/ORB_SLAM3/src/Optimizer.cc:665:46: warning: comparison of integer expressions of different signedness: ‘int’ and ‘std::vector<cv::KeyPoint>::size_type’ {aka ‘long unsigned int’} [-Wsign-compare]
  665 |           if (rightIndex != -1 && rightIndex < pKFi->mvKeysRight.size()) {
      |                                   ~~~~~~~~~~~^~~~~~~~~~~~~~~~~~~~~~~~~~
/opt/ORB_SLAM3/src/Optimizer.cc: In static member function ‘static int ORB_SLAM3::Optimizer::PoseOptimization(ORB_SLAM3::Frame*)’:
/opt/ORB_SLAM3/src/Optimizer.cc:787:75: error: no matching function for call to ‘g2o::BlockSolver<g2o::BlockSolverTraits<6, 3> >::BlockSolver(g2o::BlockSolver<g2o::BlockSolverTraits<6, 3> >::LinearSolverType*&)’
  787 |   g2o::BlockSolver_6_3 *solver_ptr = new g2o::BlockSolver_6_3(linearSolver);
      |                                                                           ^
/opt/ORB_SLAM3/thirdparty/lib/g2o/include/g2o/core/block_solver.hpp:42:1: note: candidate: ‘g2o::BlockSolver<Traits>::BlockSolver(std::unique_ptr<typename Traits::LinearSolverType>) [with Traits = g2o::BlockSolverTraits<6, 3>; typename Traits::LinearSolverType = g2o::LinearSolver<Eigen::Matrix<double, 6, 6, 0, 6, 6> >]’
   42 | BlockSolver<Traits>::BlockSolver(std::unique_ptr<LinearSolverType> linearSolver)
      | ^~~~~~~~~~~~~~~~~~~
/opt/ORB_SLAM3/thirdparty/lib/g2o/include/g2o/core/block_solver.hpp:42:68: note:   no known conversion for argument 1 from ‘g2o::BlockSolver<g2o::BlockSolverTraits<6, 3> >::LinearSolverType*’ {aka ‘g2o::LinearSolver<Eigen::Matrix<double, 6, 6, 0, 6, 6> >*’} to ‘std::unique_ptr<g2o::LinearSolver<Eigen::Matrix<double, 6, 6, 0, 6, 6> >, std::default_delete<g2o::LinearSolver<Eigen::Matrix<double, 6, 6, 0, 6, 6> > > >’
   42 | BlockSolver<Traits>::BlockSolver(std::unique_ptr<LinearSolverType> linearSolver)
      |                                  ~~~~~~~~~~~~~~~~~~~~~~~~~~~~~~~~~~^~~~~~~~~~~~
/opt/ORB_SLAM3/src/Optimizer.cc:790:57: error: no matching function for call to ‘g2o::OptimizationAlgorithmLevenberg::OptimizationAlgorithmLevenberg(g2o::BlockSolver_6_3*&)’
  790 |       new g2o::OptimizationAlgorithmLevenberg(solver_ptr);
      |                                                         ^
/opt/ORB_SLAM3/thirdparty/lib/g2o/include/g2o/core/optimization_algorithm_levenberg.h:47:12: note: candidate: ‘g2o::OptimizationAlgorithmLevenberg::OptimizationAlgorithmLevenberg(std::unique_ptr<g2o::Solver>)’
   47 |   explicit OptimizationAlgorithmLevenberg(std::unique_ptr<Solver> solver);
      |            ^~~~~~~~~~~~~~~~~~~~~~~~~~~~~~
/opt/ORB_SLAM3/thirdparty/lib/g2o/include/g2o/core/optimization_algorithm_levenberg.h:47:67: note:   no known conversion for argument 1 from ‘g2o::BlockSolver_6_3*’ {aka ‘g2o::BlockSolver<g2o::BlockSolverTraits<6, 3> >*’} to ‘std::unique_ptr<g2o::Solver>’
   47 |   explicit OptimizationAlgorithmLevenberg(std::unique_ptr<Solver> solver);
      |                                           ~~~~~~~~~~~~~~~~~~~~~~~~^~~~~~
/opt/ORB_SLAM3/src/Optimizer.cc: In static member function ‘static void ORB_SLAM3::Optimizer::LocalBundleAdjustment(ORB_SLAM3::KeyFrame*, bool*, ORB_SLAM3::Map*, int&, int&, int&, int&)’:
/opt/ORB_SLAM3/src/Optimizer.cc:1157:75: error: no matching function for call to ‘g2o::BlockSolver<g2o::BlockSolverTraits<6, 3> >::BlockSolver(g2o::BlockSolver<g2o::BlockSolverTraits<6, 3> >::LinearSolverType*&)’
 1157 |   g2o::BlockSolver_6_3 *solver_ptr = new g2o::BlockSolver_6_3(linearSolver);
      |                                                                           ^
/opt/ORB_SLAM3/thirdparty/lib/g2o/include/g2o/core/block_solver.hpp:42:1: note: candidate: ‘g2o::BlockSolver<Traits>::BlockSolver(std::unique_ptr<typename Traits::LinearSolverType>) [with Traits = g2o::BlockSolverTraits<6, 3>; typename Traits::LinearSolverType = g2o::LinearSolver<Eigen::Matrix<double, 6, 6, 0, 6, 6> >]’
   42 | BlockSolver<Traits>::BlockSolver(std::unique_ptr<LinearSolverType> linearSolver)
      | ^~~~~~~~~~~~~~~~~~~
/opt/ORB_SLAM3/thirdparty/lib/g2o/include/g2o/core/block_solver.hpp:42:68: note:   no known conversion for argument 1 from ‘g2o::BlockSolver<g2o::BlockSolverTraits<6, 3> >::LinearSolverType*’ {aka ‘g2o::LinearSolver<Eigen::Matrix<double, 6, 6, 0, 6, 6> >*’} to ‘std::unique_ptr<g2o::LinearSolver<Eigen::Matrix<double, 6, 6, 0, 6, 6> >, std::default_delete<g2o::LinearSolver<Eigen::Matrix<double, 6, 6, 0, 6, 6> > > >’
   42 | BlockSolver<Traits>::BlockSolver(std::unique_ptr<LinearSolverType> linearSolver)
      |                                  ~~~~~~~~~~~~~~~~~~~~~~~~~~~~~~~~~~^~~~~~~~~~~~
/opt/ORB_SLAM3/src/Optimizer.cc:1160:57: error: no matching function for call to ‘g2o::OptimizationAlgorithmLevenberg::OptimizationAlgorithmLevenberg(g2o::BlockSolver_6_3*&)’
 1160 |       new g2o::OptimizationAlgorithmLevenberg(solver_ptr);
      |                                                         ^
/opt/ORB_SLAM3/thirdparty/lib/g2o/include/g2o/core/optimization_algorithm_levenberg.h:47:12: note: candidate: ‘g2o::OptimizationAlgorithmLevenberg::OptimizationAlgorithmLevenberg(std::unique_ptr<g2o::Solver>)’
   47 |   explicit OptimizationAlgorithmLevenberg(std::unique_ptr<Solver> solver);
      |            ^~~~~~~~~~~~~~~~~~~~~~~~~~~~~~
/opt/ORB_SLAM3/thirdparty/lib/g2o/include/g2o/core/optimization_algorithm_levenberg.h:47:67: note:   no known conversion for argument 1 from ‘g2o::BlockSolver_6_3*’ {aka ‘g2o::BlockSolver<g2o::BlockSolverTraits<6, 3> >*’} to ‘std::unique_ptr<g2o::Solver>’
   47 |   explicit OptimizationAlgorithmLevenberg(std::unique_ptr<Solver> solver);
      |                                           ~~~~~~~~~~~~~~~~~~~~~~~~^~~~~~
/opt/ORB_SLAM3/src/Optimizer.cc: In static member function ‘static void ORB_SLAM3::Optimizer::OptimizeEssentialGraph(ORB_SLAM3::Map*, ORB_SLAM3::KeyFrame*, ORB_SLAM3::KeyFrame*, const ORB_SLAM3::LoopClosing::KeyFrameAndPose&, const ORB_SLAM3::LoopClosing::KeyFrameAndPose&, const std::map<ORB_SLAM3::KeyFrame*, std::set<ORB_SLAM3::KeyFrame*> >&, const bool&)’:
/opt/ORB_SLAM3/src/Optimizer.cc:1487:75: error: no matching function for call to ‘g2o::BlockSolver<g2o::BlockSolverTraits<7, 3> >::BlockSolver(g2o::BlockSolver<g2o::BlockSolverTraits<7, 3> >::LinearSolverType*&)’
 1487 |   g2o::BlockSolver_7_3 *solver_ptr = new g2o::BlockSolver_7_3(linearSolver);
      |                                                                           ^
/opt/ORB_SLAM3/thirdparty/lib/g2o/include/g2o/core/block_solver.hpp:42:1: note: candidate: ‘g2o::BlockSolver<Traits>::BlockSolver(std::unique_ptr<typename Traits::LinearSolverType>) [with Traits = g2o::BlockSolverTraits<7, 3>; typename Traits::LinearSolverType = g2o::LinearSolver<Eigen::Matrix<double, 7, 7, 0, 7, 7> >]’
   42 | BlockSolver<Traits>::BlockSolver(std::unique_ptr<LinearSolverType> linearSolver)
      | ^~~~~~~~~~~~~~~~~~~
/opt/ORB_SLAM3/thirdparty/lib/g2o/include/g2o/core/block_solver.hpp:42:68: note:   no known conversion for argument 1 from ‘g2o::BlockSolver<g2o::BlockSolverTraits<7, 3> >::LinearSolverType*’ {aka ‘g2o::LinearSolver<Eigen::Matrix<double, 7, 7, 0, 7, 7> >*’} to ‘std::unique_ptr<g2o::LinearSolver<Eigen::Matrix<double, 7, 7, 0, 7, 7> >, std::default_delete<g2o::LinearSolver<Eigen::Matrix<double, 7, 7, 0, 7, 7> > > >’
   42 | BlockSolver<Traits>::BlockSolver(std::unique_ptr<LinearSolverType> linearSolver)
      |                                  ~~~~~~~~~~~~~~~~~~~~~~~~~~~~~~~~~~^~~~~~~~~~~~
/opt/ORB_SLAM3/src/Optimizer.cc:1489:57: error: no matching function for call to ‘g2o::OptimizationAlgorithmLevenberg::OptimizationAlgorithmLevenberg(g2o::BlockSolver_7_3*&)’
 1489 |       new g2o::OptimizationAlgorithmLevenberg(solver_ptr);
      |                                                         ^
/opt/ORB_SLAM3/thirdparty/lib/g2o/include/g2o/core/optimization_algorithm_levenberg.h:47:12: note: candidate: ‘g2o::OptimizationAlgorithmLevenberg::OptimizationAlgorithmLevenberg(std::unique_ptr<g2o::Solver>)’
   47 |   explicit OptimizationAlgorithmLevenberg(std::unique_ptr<Solver> solver);
      |            ^~~~~~~~~~~~~~~~~~~~~~~~~~~~~~
/opt/ORB_SLAM3/thirdparty/lib/g2o/include/g2o/core/optimization_algorithm_levenberg.h:47:67: note:   no known conversion for argument 1 from ‘g2o::BlockSolver_7_3*’ {aka ‘g2o::BlockSolver<g2o::BlockSolverTraits<7, 3> >*’} to ‘std::unique_ptr<g2o::Solver>’
   47 |   explicit OptimizationAlgorithmLevenberg(std::unique_ptr<Solver> solver);
      |                                           ~~~~~~~~~~~~~~~~~~~~~~~~^~~~~~
/opt/ORB_SLAM3/src/Optimizer.cc: In static member function ‘static void ORB_SLAM3::Optimizer::OptimizeEssentialGraph(ORB_SLAM3::KeyFrame*, std::vector<ORB_SLAM3::KeyFrame*>&, std::vector<ORB_SLAM3::KeyFrame*>&, std::vector<ORB_SLAM3::KeyFrame*>&, std::vector<ORB_SLAM3::MapPoint*>&)’:
/opt/ORB_SLAM3/src/Optimizer.cc:1799:75: error: no matching function for call to ‘g2o::BlockSolver<g2o::BlockSolverTraits<7, 3> >::BlockSolver(g2o::BlockSolver<g2o::BlockSolverTraits<7, 3> >::LinearSolverType*&)’
 1799 |   g2o::BlockSolver_7_3 *solver_ptr = new g2o::BlockSolver_7_3(linearSolver);
      |                                                                           ^
/opt/ORB_SLAM3/thirdparty/lib/g2o/include/g2o/core/block_solver.hpp:42:1: note: candidate: ‘g2o::BlockSolver<Traits>::BlockSolver(std::unique_ptr<typename Traits::LinearSolverType>) [with Traits = g2o::BlockSolverTraits<7, 3>; typename Traits::LinearSolverType = g2o::LinearSolver<Eigen::Matrix<double, 7, 7, 0, 7, 7> >]’
   42 | BlockSolver<Traits>::BlockSolver(std::unique_ptr<LinearSolverType> linearSolver)
      | ^~~~~~~~~~~~~~~~~~~
/opt/ORB_SLAM3/thirdparty/lib/g2o/include/g2o/core/block_solver.hpp:42:68: note:   no known conversion for argument 1 from ‘g2o::BlockSolver<g2o::BlockSolverTraits<7, 3> >::LinearSolverType*’ {aka ‘g2o::LinearSolver<Eigen::Matrix<double, 7, 7, 0, 7, 7> >*’} to ‘std::unique_ptr<g2o::LinearSolver<Eigen::Matrix<double, 7, 7, 0, 7, 7> >, std::default_delete<g2o::LinearSolver<Eigen::Matrix<double, 7, 7, 0, 7, 7> > > >’
   42 | BlockSolver<Traits>::BlockSolver(std::unique_ptr<LinearSolverType> linearSolver)
      |                                  ~~~~~~~~~~~~~~~~~~~~~~~~~~~~~~~~~~^~~~~~~~~~~~
/opt/ORB_SLAM3/src/Optimizer.cc:1801:57: error: no matching function for call to ‘g2o::OptimizationAlgorithmLevenberg::OptimizationAlgorithmLevenberg(g2o::BlockSolver_7_3*&)’
 1801 |       new g2o::OptimizationAlgorithmLevenberg(solver_ptr);
      |                                                         ^
/opt/ORB_SLAM3/thirdparty/lib/g2o/include/g2o/core/optimization_algorithm_levenberg.h:47:12: note: candidate: ‘g2o::OptimizationAlgorithmLevenberg::OptimizationAlgorithmLevenberg(std::unique_ptr<g2o::Solver>)’
   47 |   explicit OptimizationAlgorithmLevenberg(std::unique_ptr<Solver> solver);
      |            ^~~~~~~~~~~~~~~~~~~~~~~~~~~~~~
/opt/ORB_SLAM3/thirdparty/lib/g2o/include/g2o/core/optimization_algorithm_levenberg.h:47:67: note:   no known conversion for argument 1 from ‘g2o::BlockSolver_7_3*’ {aka ‘g2o::BlockSolver<g2o::BlockSolverTraits<7, 3> >*’} to ‘std::unique_ptr<g2o::Solver>’
   47 |   explicit OptimizationAlgorithmLevenberg(std::unique_ptr<Solver> solver);
      |                                           ~~~~~~~~~~~~~~~~~~~~~~~~^~~~~~
/opt/ORB_SLAM3/src/Optimizer.cc: In static member function ‘static int ORB_SLAM3::Optimizer::OptimizeSim3(ORB_SLAM3::KeyFrame*, ORB_SLAM3::KeyFrame*, std::vector<ORB_SLAM3::MapPoint*>&, g2o::Sim3&, float, bool, Eigen::Matrix<double, 7, 7, 0, 7, 7>&, bool)’:
/opt/ORB_SLAM3/src/Optimizer.cc:2120:69: error: no matching function for call to ‘g2o::BlockSolver<g2o::BlockSolverTraits<-1, -1> >::BlockSolver(g2o::BlockSolver<g2o::BlockSolverTraits<-1, -1> >::LinearSolverType*&)’
 2120 |   g2o::BlockSolverX *solver_ptr = new g2o::BlockSolverX(linearSolver);
      |                                                                     ^
/opt/ORB_SLAM3/thirdparty/lib/g2o/include/g2o/core/block_solver.hpp:42:1: note: candidate: ‘g2o::BlockSolver<Traits>::BlockSolver(std::unique_ptr<typename Traits::LinearSolverType>) [with Traits = g2o::BlockSolverTraits<-1, -1>; typename Traits::LinearSolverType = g2o::LinearSolver<Eigen::Matrix<double, -1, -1> >]’
   42 | BlockSolver<Traits>::BlockSolver(std::unique_ptr<LinearSolverType> linearSolver)
      | ^~~~~~~~~~~~~~~~~~~
/opt/ORB_SLAM3/thirdparty/lib/g2o/include/g2o/core/block_solver.hpp:42:68: note:   no known conversion for argument 1 from ‘g2o::BlockSolver<g2o::BlockSolverTraits<-1, -1> >::LinearSolverType*’ {aka ‘g2o::LinearSolver<Eigen::Matrix<double, -1, -1> >*’} to ‘std::unique_ptr<g2o::LinearSolver<Eigen::Matrix<double, -1, -1> >, std::default_delete<g2o::LinearSolver<Eigen::Matrix<double, -1, -1> > > >’
   42 | BlockSolver<Traits>::BlockSolver(std::unique_ptr<LinearSolverType> linearSolver)
      |                                  ~~~~~~~~~~~~~~~~~~~~~~~~~~~~~~~~~~^~~~~~~~~~~~
/opt/ORB_SLAM3/src/Optimizer.cc:2123:57: error: no matching function for call to ‘g2o::OptimizationAlgorithmLevenberg::OptimizationAlgorithmLevenberg(g2o::BlockSolverX*&)’
 2123 |       new g2o::OptimizationAlgorithmLevenberg(solver_ptr);
      |                                                         ^
/opt/ORB_SLAM3/thirdparty/lib/g2o/include/g2o/core/optimization_algorithm_levenberg.h:47:12: note: candidate: ‘g2o::OptimizationAlgorithmLevenberg::OptimizationAlgorithmLevenberg(std::unique_ptr<g2o::Solver>)’
   47 |   explicit OptimizationAlgorithmLevenberg(std::unique_ptr<Solver> solver);
      |            ^~~~~~~~~~~~~~~~~~~~~~~~~~~~~~
/opt/ORB_SLAM3/thirdparty/lib/g2o/include/g2o/core/optimization_algorithm_levenberg.h:47:67: note:   no known conversion for argument 1 from ‘g2o::BlockSolverX*’ {aka ‘g2o::BlockSolver<g2o::BlockSolverTraits<-1, -1> >*’} to ‘std::unique_ptr<g2o::Solver>’
   47 |   explicit OptimizationAlgorithmLevenberg(std::unique_ptr<Solver> solver);
      |                                           ~~~~~~~~~~~~~~~~~~~~~~~~^~~~~~
/opt/ORB_SLAM3/src/Optimizer.cc: In static member function ‘static void ORB_SLAM3::Optimizer::LocalInertialBA(ORB_SLAM3::KeyFrame*, bool*, ORB_SLAM3::Map*, int&, int&, int&, int&, bool, bool)’:
/opt/ORB_SLAM3/src/Optimizer.cc:2491:69: error: no matching function for call to ‘g2o::BlockSolver<g2o::BlockSolverTraits<-1, -1> >::BlockSolver(g2o::BlockSolver<g2o::BlockSolverTraits<-1, -1> >::LinearSolverType*&)’
 2491 |   g2o::BlockSolverX *solver_ptr = new g2o::BlockSolverX(linearSolver);
      |                                                                     ^
/opt/ORB_SLAM3/thirdparty/lib/g2o/include/g2o/core/block_solver.hpp:42:1: note: candidate: ‘g2o::BlockSolver<Traits>::BlockSolver(std::unique_ptr<typename Traits::LinearSolverType>) [with Traits = g2o::BlockSolverTraits<-1, -1>; typename Traits::LinearSolverType = g2o::LinearSolver<Eigen::Matrix<double, -1, -1> >]’
   42 | BlockSolver<Traits>::BlockSolver(std::unique_ptr<LinearSolverType> linearSolver)
      | ^~~~~~~~~~~~~~~~~~~
/opt/ORB_SLAM3/thirdparty/lib/g2o/include/g2o/core/block_solver.hpp:42:68: note:   no known conversion for argument 1 from ‘g2o::BlockSolver<g2o::BlockSolverTraits<-1, -1> >::LinearSolverType*’ {aka ‘g2o::LinearSolver<Eigen::Matrix<double, -1, -1> >*’} to ‘std::unique_ptr<g2o::LinearSolver<Eigen::Matrix<double, -1, -1> >, std::default_delete<g2o::LinearSolver<Eigen::Matrix<double, -1, -1> > > >’
   42 | BlockSolver<Traits>::BlockSolver(std::unique_ptr<LinearSolverType> linearSolver)
      |                                  ~~~~~~~~~~~~~~~~~~~~~~~~~~~~~~~~~~^~~~~~~~~~~~
/opt/ORB_SLAM3/src/Optimizer.cc:2495:59: error: no matching function for call to ‘g2o::OptimizationAlgorithmLevenberg::OptimizationAlgorithmLevenberg(g2o::BlockSolverX*&)’
 2495 |         new g2o::OptimizationAlgorithmLevenberg(solver_ptr);
      |                                                           ^
/opt/ORB_SLAM3/thirdparty/lib/g2o/include/g2o/core/optimization_algorithm_levenberg.h:47:12: note: candidate: ‘g2o::OptimizationAlgorithmLevenberg::OptimizationAlgorithmLevenberg(std::unique_ptr<g2o::Solver>)’
   47 |   explicit OptimizationAlgorithmLevenberg(std::unique_ptr<Solver> solver);
      |            ^~~~~~~~~~~~~~~~~~~~~~~~~~~~~~
/opt/ORB_SLAM3/thirdparty/lib/g2o/include/g2o/core/optimization_algorithm_levenberg.h:47:67: note:   no known conversion for argument 1 from ‘g2o::BlockSolverX*’ {aka ‘g2o::BlockSolver<g2o::BlockSolverTraits<-1, -1> >*’} to ‘std::unique_ptr<g2o::Solver>’
   47 |   explicit OptimizationAlgorithmLevenberg(std::unique_ptr<Solver> solver);
      |                                           ~~~~~~~~~~~~~~~~~~~~~~~~^~~~~~
/opt/ORB_SLAM3/src/Optimizer.cc:2501:59: error: no matching function for call to ‘g2o::OptimizationAlgorithmLevenberg::OptimizationAlgorithmLevenberg(g2o::BlockSolverX*&)’
 2501 |         new g2o::OptimizationAlgorithmLevenberg(solver_ptr);
      |                                                           ^
/opt/ORB_SLAM3/thirdparty/lib/g2o/include/g2o/core/optimization_algorithm_levenberg.h:47:12: note: candidate: ‘g2o::OptimizationAlgorithmLevenberg::OptimizationAlgorithmLevenberg(std::unique_ptr<g2o::Solver>)’
   47 |   explicit OptimizationAlgorithmLevenberg(std::unique_ptr<Solver> solver);
      |            ^~~~~~~~~~~~~~~~~~~~~~~~~~~~~~
/opt/ORB_SLAM3/thirdparty/lib/g2o/include/g2o/core/optimization_algorithm_levenberg.h:47:67: note:   no known conversion for argument 1 from ‘g2o::BlockSolverX*’ {aka ‘g2o::BlockSolver<g2o::BlockSolverTraits<-1, -1> >*’} to ‘std::unique_ptr<g2o::Solver>’
   47 |   explicit OptimizationAlgorithmLevenberg(std::unique_ptr<Solver> solver);
      |                                           ~~~~~~~~~~~~~~~~~~~~~~~~^~~~~~
/opt/ORB_SLAM3/src/Optimizer.cc:2483:8: warning: unused variable ‘bNonFixed’ [-Wunused-variable]
 2483 |   bool bNonFixed = (lFixedKeyFrames.size() == 0);
      |        ^~~~~~~~~
/opt/ORB_SLAM3/src/Optimizer.cc: In static member function ‘static void ORB_SLAM3::Optimizer::InertialOptimization(ORB_SLAM3::Map*, Eigen::Matrix3d&, double&, Eigen::Vector3d&, Eigen::Vector3d&, bool, Eigen::MatrixXd&, bool, bool, float, float)’:
/opt/ORB_SLAM3/src/Optimizer.cc:3052:69: error: no matching function for call to ‘g2o::BlockSolver<g2o::BlockSolverTraits<-1, -1> >::BlockSolver(g2o::BlockSolver<g2o::BlockSolverTraits<-1, -1> >::LinearSolverType*&)’
 3052 |   g2o::BlockSolverX *solver_ptr = new g2o::BlockSolverX(linearSolver);
      |                                                                     ^
/opt/ORB_SLAM3/thirdparty/lib/g2o/include/g2o/core/block_solver.hpp:42:1: note: candidate: ‘g2o::BlockSolver<Traits>::BlockSolver(std::unique_ptr<typename Traits::LinearSolverType>) [with Traits = g2o::BlockSolverTraits<-1, -1>; typename Traits::LinearSolverType = g2o::LinearSolver<Eigen::Matrix<double, -1, -1> >]’
   42 | BlockSolver<Traits>::BlockSolver(std::unique_ptr<LinearSolverType> linearSolver)
      | ^~~~~~~~~~~~~~~~~~~
/opt/ORB_SLAM3/thirdparty/lib/g2o/include/g2o/core/block_solver.hpp:42:68: note:   no known conversion for argument 1 from ‘g2o::BlockSolver<g2o::BlockSolverTraits<-1, -1> >::LinearSolverType*’ {aka ‘g2o::LinearSolver<Eigen::Matrix<double, -1, -1> >*’} to ‘std::unique_ptr<g2o::LinearSolver<Eigen::Matrix<double, -1, -1> >, std::default_delete<g2o::LinearSolver<Eigen::Matrix<double, -1, -1> > > >’
   42 | BlockSolver<Traits>::BlockSolver(std::unique_ptr<LinearSolverType> linearSolver)
      |                                  ~~~~~~~~~~~~~~~~~~~~~~~~~~~~~~~~~~^~~~~~~~~~~~
/opt/ORB_SLAM3/src/Optimizer.cc:3055:57: error: no matching function for call to ‘g2o::OptimizationAlgorithmLevenberg::OptimizationAlgorithmLevenberg(g2o::BlockSolverX*&)’
 3055 |       new g2o::OptimizationAlgorithmLevenberg(solver_ptr);
      |                                                         ^
/opt/ORB_SLAM3/thirdparty/lib/g2o/include/g2o/core/optimization_algorithm_levenberg.h:47:12: note: candidate: ‘g2o::OptimizationAlgorithmLevenberg::OptimizationAlgorithmLevenberg(std::unique_ptr<g2o::Solver>)’
   47 |   explicit OptimizationAlgorithmLevenberg(std::unique_ptr<Solver> solver);
      |            ^~~~~~~~~~~~~~~~~~~~~~~~~~~~~~
/opt/ORB_SLAM3/thirdparty/lib/g2o/include/g2o/core/optimization_algorithm_levenberg.h:47:67: note:   no known conversion for argument 1 from ‘g2o::BlockSolverX*’ {aka ‘g2o::BlockSolver<g2o::BlockSolverTraits<-1, -1> >*’} to ‘std::unique_ptr<g2o::Solver>’
   47 |   explicit OptimizationAlgorithmLevenberg(std::unique_ptr<Solver> solver);
      |                                           ~~~~~~~~~~~~~~~~~~~~~~~~^~~~~~
/opt/ORB_SLAM3/src/Optimizer.cc:3199:24: warning: comparison of integer expressions of different signedness: ‘size_t’ {aka ‘long unsigned int’} and ‘const int’ [-Wsign-compare]
 3199 |   for (size_t i = 0; i < N; i++) {
      |                      ~~^~~
/opt/ORB_SLAM3/src/Optimizer.cc: In static member function ‘static void ORB_SLAM3::Optimizer::InertialOptimization(ORB_SLAM3::Map*, Eigen::Vector3d&, Eigen::Vector3d&, float, float)’:
/opt/ORB_SLAM3/src/Optimizer.cc:3232:69: error: no matching function for call to ‘g2o::BlockSolver<g2o::BlockSolverTraits<-1, -1> >::BlockSolver(g2o::BlockSolver<g2o::BlockSolverTraits<-1, -1> >::LinearSolverType*&)’
 3232 |   g2o::BlockSolverX *solver_ptr = new g2o::BlockSolverX(linearSolver);
      |                                                                     ^
/opt/ORB_SLAM3/thirdparty/lib/g2o/include/g2o/core/block_solver.hpp:42:1: note: candidate: ‘g2o::BlockSolver<Traits>::BlockSolver(std::unique_ptr<typename Traits::LinearSolverType>) [with Traits = g2o::BlockSolverTraits<-1, -1>; typename Traits::LinearSolverType = g2o::LinearSolver<Eigen::Matrix<double, -1, -1> >]’
   42 | BlockSolver<Traits>::BlockSolver(std::unique_ptr<LinearSolverType> linearSolver)
      | ^~~~~~~~~~~~~~~~~~~
/opt/ORB_SLAM3/thirdparty/lib/g2o/include/g2o/core/block_solver.hpp:42:68: note:   no known conversion for argument 1 from ‘g2o::BlockSolver<g2o::BlockSolverTraits<-1, -1> >::LinearSolverType*’ {aka ‘g2o::LinearSolver<Eigen::Matrix<double, -1, -1> >*’} to ‘std::unique_ptr<g2o::LinearSolver<Eigen::Matrix<double, -1, -1> >, std::default_delete<g2o::LinearSolver<Eigen::Matrix<double, -1, -1> > > >’
   42 | BlockSolver<Traits>::BlockSolver(std::unique_ptr<LinearSolverType> linearSolver)
      |                                  ~~~~~~~~~~~~~~~~~~~~~~~~~~~~~~~~~~^~~~~~~~~~~~
/opt/ORB_SLAM3/src/Optimizer.cc:3235:57: error: no matching function for call to ‘g2o::OptimizationAlgorithmLevenberg::OptimizationAlgorithmLevenberg(g2o::BlockSolverX*&)’
 3235 |       new g2o::OptimizationAlgorithmLevenberg(solver_ptr);
      |                                                         ^
/opt/ORB_SLAM3/thirdparty/lib/g2o/include/g2o/core/optimization_algorithm_levenberg.h:47:12: note: candidate: ‘g2o::OptimizationAlgorithmLevenberg::OptimizationAlgorithmLevenberg(std::unique_ptr<g2o::Solver>)’
   47 |   explicit OptimizationAlgorithmLevenberg(std::unique_ptr<Solver> solver);
      |            ^~~~~~~~~~~~~~~~~~~~~~~~~~~~~~
/opt/ORB_SLAM3/thirdparty/lib/g2o/include/g2o/core/optimization_algorithm_levenberg.h:47:67: note:   no known conversion for argument 1 from ‘g2o::BlockSolverX*’ {aka ‘g2o::BlockSolver<g2o::BlockSolverTraits<-1, -1> >*’} to ‘std::unique_ptr<g2o::Solver>’
   47 |   explicit OptimizationAlgorithmLevenberg(std::unique_ptr<Solver> solver);
      |                                           ~~~~~~~~~~~~~~~~~~~~~~~~^~~~~~
/opt/ORB_SLAM3/src/Optimizer.cc:3361:24: warning: comparison of integer expressions of different signedness: ‘size_t’ {aka ‘long unsigned int’} and ‘const int’ [-Wsign-compare]
 3361 |   for (size_t i = 0; i < N; i++) {
      |                      ~~^~~
/opt/ORB_SLAM3/src/Optimizer.cc: In static member function ‘static void ORB_SLAM3::Optimizer::InertialOptimization(ORB_SLAM3::Map*, Eigen::Matrix3d&, double&)’:
/opt/ORB_SLAM3/src/Optimizer.cc:3393:69: error: no matching function for call to ‘g2o::BlockSolver<g2o::BlockSolverTraits<-1, -1> >::BlockSolver(g2o::BlockSolver<g2o::BlockSolverTraits<-1, -1> >::LinearSolverType*&)’
 3393 |   g2o::BlockSolverX *solver_ptr = new g2o::BlockSolverX(linearSolver);
      |                                                                     ^
/opt/ORB_SLAM3/thirdparty/lib/g2o/include/g2o/core/block_solver.hpp:42:1: note: candidate: ‘g2o::BlockSolver<Traits>::BlockSolver(std::unique_ptr<typename Traits::LinearSolverType>) [with Traits = g2o::BlockSolverTraits<-1, -1>; typename Traits::LinearSolverType = g2o::LinearSolver<Eigen::Matrix<double, -1, -1> >]’
   42 | BlockSolver<Traits>::BlockSolver(std::unique_ptr<LinearSolverType> linearSolver)
      | ^~~~~~~~~~~~~~~~~~~
/opt/ORB_SLAM3/thirdparty/lib/g2o/include/g2o/core/block_solver.hpp:42:68: note:   no known conversion for argument 1 from ‘g2o::BlockSolver<g2o::BlockSolverTraits<-1, -1> >::LinearSolverType*’ {aka ‘g2o::LinearSolver<Eigen::Matrix<double, -1, -1> >*’} to ‘std::unique_ptr<g2o::LinearSolver<Eigen::Matrix<double, -1, -1> >, std::default_delete<g2o::LinearSolver<Eigen::Matrix<double, -1, -1> > > >’
   42 | BlockSolver<Traits>::BlockSolver(std::unique_ptr<LinearSolverType> linearSolver)
      |                                  ~~~~~~~~~~~~~~~~~~~~~~~~~~~~~~~~~~^~~~~~~~~~~~
/opt/ORB_SLAM3/src/Optimizer.cc:3396:59: error: no matching function for call to ‘g2o::OptimizationAlgorithmGaussNewton::OptimizationAlgorithmGaussNewton(g2o::BlockSolverX*&)’
 3396 |       new g2o::OptimizationAlgorithmGaussNewton(solver_ptr);
      |                                                           ^
In file included from /opt/ORB_SLAM3/include/Optimizer.h:35:
/opt/ORB_SLAM3/thirdparty/lib/g2o/include/g2o/core/optimization_algorithm_gauss_newton.h:47:12: note: candidate: ‘g2o::OptimizationAlgorithmGaussNewton::OptimizationAlgorithmGaussNewton(std::unique_ptr<g2o::Solver>)’
   47 |   explicit OptimizationAlgorithmGaussNewton(std::unique_ptr<Solver> solver);
      |            ^~~~~~~~~~~~~~~~~~~~~~~~~~~~~~~~
/opt/ORB_SLAM3/thirdparty/lib/g2o/include/g2o/core/optimization_algorithm_gauss_newton.h:47:69: note:   no known conversion for argument 1 from ‘g2o::BlockSolverX*’ {aka ‘g2o::BlockSolver<g2o::BlockSolverTraits<-1, -1> >*’} to ‘std::unique_ptr<g2o::Solver>’
   47 |   explicit OptimizationAlgorithmGaussNewton(std::unique_ptr<Solver> solver);
      |                                             ~~~~~~~~~~~~~~~~~~~~~~~~^~~~~~
/opt/ORB_SLAM3/src/Optimizer.cc:3487:9: warning: unused variable ‘err’ [-Wunused-variable]
 3487 |   float err = optimizer.activeRobustChi2();
      |         ^~~
/opt/ORB_SLAM3/src/Optimizer.cc:3490:9: warning: unused variable ‘err_end’ [-Wunused-variable]
 3490 |   float err_end = optimizer.activeRobustChi2();
      |         ^~~~~~~
/opt/ORB_SLAM3/src/Optimizer.cc: In static member function ‘static void ORB_SLAM3::Optimizer::LocalBundleAdjustment(ORB_SLAM3::KeyFrame*, std::vector<ORB_SLAM3::KeyFrame*>, std::vector<ORB_SLAM3::KeyFrame*>, bool*)’:
/opt/ORB_SLAM3/src/Optimizer.cc:3510:75: error: no matching function for call to ‘g2o::BlockSolver<g2o::BlockSolverTraits<6, 3> >::BlockSolver(g2o::BlockSolver<g2o::BlockSolverTraits<6, 3> >::LinearSolverType*&)’
 3510 |   g2o::BlockSolver_6_3 *solver_ptr = new g2o::BlockSolver_6_3(linearSolver);
      |                                                                           ^
/opt/ORB_SLAM3/thirdparty/lib/g2o/include/g2o/core/block_solver.hpp:42:1: note: candidate: ‘g2o::BlockSolver<Traits>::BlockSolver(std::unique_ptr<typename Traits::LinearSolverType>) [with Traits = g2o::BlockSolverTraits<6, 3>; typename Traits::LinearSolverType = g2o::LinearSolver<Eigen::Matrix<double, 6, 6, 0, 6, 6> >]’
   42 | BlockSolver<Traits>::BlockSolver(std::unique_ptr<LinearSolverType> linearSolver)
      | ^~~~~~~~~~~~~~~~~~~
/opt/ORB_SLAM3/thirdparty/lib/g2o/include/g2o/core/block_solver.hpp:42:68: note:   no known conversion for argument 1 from ‘g2o::BlockSolver<g2o::BlockSolverTraits<6, 3> >::LinearSolverType*’ {aka ‘g2o::LinearSolver<Eigen::Matrix<double, 6, 6, 0, 6, 6> >*’} to ‘std::unique_ptr<g2o::LinearSolver<Eigen::Matrix<double, 6, 6, 0, 6, 6> >, std::default_delete<g2o::LinearSolver<Eigen::Matrix<double, 6, 6, 0, 6, 6> > > >’
   42 | BlockSolver<Traits>::BlockSolver(std::unique_ptr<LinearSolverType> linearSolver)
      |                                  ~~~~~~~~~~~~~~~~~~~~~~~~~~~~~~~~~~^~~~~~~~~~~~
/opt/ORB_SLAM3/src/Optimizer.cc:3513:57: error: no matching function for call to ‘g2o::OptimizationAlgorithmLevenberg::OptimizationAlgorithmLevenberg(g2o::BlockSolver_6_3*&)’
 3513 |       new g2o::OptimizationAlgorithmLevenberg(solver_ptr);
      |                                                         ^
/opt/ORB_SLAM3/thirdparty/lib/g2o/include/g2o/core/optimization_algorithm_levenberg.h:47:12: note: candidate: ‘g2o::OptimizationAlgorithmLevenberg::OptimizationAlgorithmLevenberg(std::unique_ptr<g2o::Solver>)’
   47 |   explicit OptimizationAlgorithmLevenberg(std::unique_ptr<Solver> solver);
      |            ^~~~~~~~~~~~~~~~~~~~~~~~~~~~~~
/opt/ORB_SLAM3/thirdparty/lib/g2o/include/g2o/core/optimization_algorithm_levenberg.h:47:67: note:   no known conversion for argument 1 from ‘g2o::BlockSolver_6_3*’ {aka ‘g2o::BlockSolver<g2o::BlockSolverTraits<6, 3> >*’} to ‘std::unique_ptr<g2o::Solver>’
   47 |   explicit OptimizationAlgorithmLevenberg(std::unique_ptr<Solver> solver);
      |                                           ~~~~~~~~~~~~~~~~~~~~~~~~^~~~~~
/opt/ORB_SLAM3/src/Optimizer.cc:3500:8: warning: unused variable ‘bShowImages’ [-Wunused-variable]
 3500 |   bool bShowImages = false;
      |        ^~~~~~~~~~~
/opt/ORB_SLAM3/src/Optimizer.cc: In static member function ‘static void ORB_SLAM3::Optimizer::MergeInertialBA(ORB_SLAM3::KeyFrame*, ORB_SLAM3::KeyFrame*, bool*, ORB_SLAM3::Map*, ORB_SLAM3::LoopClosing::KeyFrameAndPose&)’:
/opt/ORB_SLAM3/src/Optimizer.cc:4020:12: warning: suggest explicit braces to avoid ambiguous ‘else’ [-Wdangling-else]
 4020 |         if (!pMP->isBad())
      |            ^
/opt/ORB_SLAM3/src/Optimizer.cc:4070:69: error: no matching function for call to ‘g2o::BlockSolver<g2o::BlockSolverTraits<-1, -1> >::BlockSolver(g2o::BlockSolver<g2o::BlockSolverTraits<-1, -1> >::LinearSolverType*&)’
 4070 |   g2o::BlockSolverX *solver_ptr = new g2o::BlockSolverX(linearSolver);
      |                                                                     ^
/opt/ORB_SLAM3/thirdparty/lib/g2o/include/g2o/core/block_solver.hpp:42:1: note: candidate: ‘g2o::BlockSolver<Traits>::BlockSolver(std::unique_ptr<typename Traits::LinearSolverType>) [with Traits = g2o::BlockSolverTraits<-1, -1>; typename Traits::LinearSolverType = g2o::LinearSolver<Eigen::Matrix<double, -1, -1> >]’
   42 | BlockSolver<Traits>::BlockSolver(std::unique_ptr<LinearSolverType> linearSolver)
      | ^~~~~~~~~~~~~~~~~~~
/opt/ORB_SLAM3/thirdparty/lib/g2o/include/g2o/core/block_solver.hpp:42:68: note:   no known conversion for argument 1 from ‘g2o::BlockSolver<g2o::BlockSolverTraits<-1, -1> >::LinearSolverType*’ {aka ‘g2o::LinearSolver<Eigen::Matrix<double, -1, -1> >*’} to ‘std::unique_ptr<g2o::LinearSolver<Eigen::Matrix<double, -1, -1> >, std::default_delete<g2o::LinearSolver<Eigen::Matrix<double, -1, -1> > > >’
   42 | BlockSolver<Traits>::BlockSolver(std::unique_ptr<LinearSolverType> linearSolver)
      |                                  ~~~~~~~~~~~~~~~~~~~~~~~~~~~~~~~~~~^~~~~~~~~~~~
/opt/ORB_SLAM3/src/Optimizer.cc:4073:57: error: no matching function for call to ‘g2o::OptimizationAlgorithmLevenberg::OptimizationAlgorithmLevenberg(g2o::BlockSolverX*&)’
 4073 |       new g2o::OptimizationAlgorithmLevenberg(solver_ptr);
      |                                                         ^
/opt/ORB_SLAM3/thirdparty/lib/g2o/include/g2o/core/optimization_algorithm_levenberg.h:47:12: note: candidate: ‘g2o::OptimizationAlgorithmLevenberg::OptimizationAlgorithmLevenberg(std::unique_ptr<g2o::Solver>)’
   47 |   explicit OptimizationAlgorithmLevenberg(std::unique_ptr<Solver> solver);
      |            ^~~~~~~~~~~~~~~~~~~~~~~~~~~~~~
/opt/ORB_SLAM3/thirdparty/lib/g2o/include/g2o/core/optimization_algorithm_levenberg.h:47:67: note:   no known conversion for argument 1 from ‘g2o::BlockSolverX*’ {aka ‘g2o::BlockSolver<g2o::BlockSolverTraits<-1, -1> >*’} to ‘std::unique_ptr<g2o::Solver>’
   47 |   explicit OptimizationAlgorithmLevenberg(std::unique_ptr<Solver> solver);
      |                                           ~~~~~~~~~~~~~~~~~~~~~~~~^~~~~~
/opt/ORB_SLAM3/src/Optimizer.cc: In static member function ‘static int ORB_SLAM3::Optimizer::PoseInertialOptimizationLastKeyFrame(ORB_SLAM3::Frame*, bool)’:
/opt/ORB_SLAM3/src/Optimizer.cc:4486:69: error: no matching function for call to ‘g2o::BlockSolver<g2o::BlockSolverTraits<-1, -1> >::BlockSolver(g2o::BlockSolver<g2o::BlockSolverTraits<-1, -1> >::LinearSolverType*&)’
 4486 |   g2o::BlockSolverX *solver_ptr = new g2o::BlockSolverX(linearSolver);
      |                                                                     ^
/opt/ORB_SLAM3/thirdparty/lib/g2o/include/g2o/core/block_solver.hpp:42:1: note: candidate: ‘g2o::BlockSolver<Traits>::BlockSolver(std::unique_ptr<typename Traits::LinearSolverType>) [with Traits = g2o::BlockSolverTraits<-1, -1>; typename Traits::LinearSolverType = g2o::LinearSolver<Eigen::Matrix<double, -1, -1> >]’
   42 | BlockSolver<Traits>::BlockSolver(std::unique_ptr<LinearSolverType> linearSolver)
      | ^~~~~~~~~~~~~~~~~~~
/opt/ORB_SLAM3/thirdparty/lib/g2o/include/g2o/core/block_solver.hpp:42:68: note:   no known conversion for argument 1 from ‘g2o::BlockSolver<g2o::BlockSolverTraits<-1, -1> >::LinearSolverType*’ {aka ‘g2o::LinearSolver<Eigen::Matrix<double, -1, -1> >*’} to ‘std::unique_ptr<g2o::LinearSolver<Eigen::Matrix<double, -1, -1> >, std::default_delete<g2o::LinearSolver<Eigen::Matrix<double, -1, -1> > > >’
   42 | BlockSolver<Traits>::BlockSolver(std::unique_ptr<LinearSolverType> linearSolver)
      |                                  ~~~~~~~~~~~~~~~~~~~~~~~~~~~~~~~~~~^~~~~~~~~~~~
/opt/ORB_SLAM3/src/Optimizer.cc:4489:59: error: no matching function for call to ‘g2o::OptimizationAlgorithmGaussNewton::OptimizationAlgorithmGaussNewton(g2o::BlockSolverX*&)’
 4489 |       new g2o::OptimizationAlgorithmGaussNewton(solver_ptr);
      |                                                           ^
/opt/ORB_SLAM3/thirdparty/lib/g2o/include/g2o/core/optimization_algorithm_gauss_newton.h:47:12: note: candidate: ‘g2o::OptimizationAlgorithmGaussNewton::OptimizationAlgorithmGaussNewton(std::unique_ptr<g2o::Solver>)’
   47 |   explicit OptimizationAlgorithmGaussNewton(std::unique_ptr<Solver> solver);
      |            ^~~~~~~~~~~~~~~~~~~~~~~~~~~~~~~~
/opt/ORB_SLAM3/thirdparty/lib/g2o/include/g2o/core/optimization_algorithm_gauss_newton.h:47:69: note:   no known conversion for argument 1 from ‘g2o::BlockSolverX*’ {aka ‘g2o::BlockSolver<g2o::BlockSolverTraits<-1, -1> >*’} to ‘std::unique_ptr<g2o::Solver>’
   47 |   explicit OptimizationAlgorithmGaussNewton(std::unique_ptr<Solver> solver);
      |                                             ~~~~~~~~~~~~~~~~~~~~~~~~^~~~~~
/opt/ORB_SLAM3/src/Optimizer.cc: In static member function ‘static int ORB_SLAM3::Optimizer::PoseInertialOptimizationLastFrame(ORB_SLAM3::Frame*, bool)’:
/opt/ORB_SLAM3/src/Optimizer.cc:4855:69: error: no matching function for call to ‘g2o::BlockSolver<g2o::BlockSolverTraits<-1, -1> >::BlockSolver(g2o::BlockSolver<g2o::BlockSolverTraits<-1, -1> >::LinearSolverType*&)’
 4855 |   g2o::BlockSolverX *solver_ptr = new g2o::BlockSolverX(linearSolver);
      |                                                                     ^
/opt/ORB_SLAM3/thirdparty/lib/g2o/include/g2o/core/block_solver.hpp:42:1: note: candidate: ‘g2o::BlockSolver<Traits>::BlockSolver(std::unique_ptr<typename Traits::LinearSolverType>) [with Traits = g2o::BlockSolverTraits<-1, -1>; typename Traits::LinearSolverType = g2o::LinearSolver<Eigen::Matrix<double, -1, -1> >]’
   42 | BlockSolver<Traits>::BlockSolver(std::unique_ptr<LinearSolverType> linearSolver)
      | ^~~~~~~~~~~~~~~~~~~
/opt/ORB_SLAM3/thirdparty/lib/g2o/include/g2o/core/block_solver.hpp:42:68: note:   no known conversion for argument 1 from ‘g2o::BlockSolver<g2o::BlockSolverTraits<-1, -1> >::LinearSolverType*’ {aka ‘g2o::LinearSolver<Eigen::Matrix<double, -1, -1> >*’} to ‘std::unique_ptr<g2o::LinearSolver<Eigen::Matrix<double, -1, -1> >, std::default_delete<g2o::LinearSolver<Eigen::Matrix<double, -1, -1> > > >’
   42 | BlockSolver<Traits>::BlockSolver(std::unique_ptr<LinearSolverType> linearSolver)
      |                                  ~~~~~~~~~~~~~~~~~~~~~~~~~~~~~~~~~~^~~~~~~~~~~~
/opt/ORB_SLAM3/src/Optimizer.cc:4858:59: error: no matching function for call to ‘g2o::OptimizationAlgorithmGaussNewton::OptimizationAlgorithmGaussNewton(g2o::BlockSolverX*&)’
 4858 |       new g2o::OptimizationAlgorithmGaussNewton(solver_ptr);
      |                                                           ^
/opt/ORB_SLAM3/thirdparty/lib/g2o/include/g2o/core/optimization_algorithm_gauss_newton.h:47:12: note: candidate: ‘g2o::OptimizationAlgorithmGaussNewton::OptimizationAlgorithmGaussNewton(std::unique_ptr<g2o::Solver>)’
   47 |   explicit OptimizationAlgorithmGaussNewton(std::unique_ptr<Solver> solver);
      |            ^~~~~~~~~~~~~~~~~~~~~~~~~~~~~~~~
/opt/ORB_SLAM3/thirdparty/lib/g2o/include/g2o/core/optimization_algorithm_gauss_newton.h:47:69: note:   no known conversion for argument 1 from ‘g2o::BlockSolverX*’ {aka ‘g2o::BlockSolver<g2o::BlockSolverTraits<-1, -1> >*’} to ‘std::unique_ptr<g2o::Solver>’
   47 |   explicit OptimizationAlgorithmGaussNewton(std::unique_ptr<Solver> solver);
      |                                             ~~~~~~~~~~~~~~~~~~~~~~~~^~~~~~
/opt/ORB_SLAM3/src/Optimizer.cc: In static member function ‘static void ORB_SLAM3::Optimizer::OptimizeEssentialGraph4DoF(ORB_SLAM3::Map*, ORB_SLAM3::KeyFrame*, ORB_SLAM3::KeyFrame*, const ORB_SLAM3::LoopClosing::KeyFrameAndPose&, const ORB_SLAM3::LoopClosing::KeyFrameAndPose&, const std::map<ORB_SLAM3::KeyFrame*, std::set<ORB_SLAM3::KeyFrame*> >&)’:
/opt/ORB_SLAM3/src/Optimizer.cc:5261:69: error: no matching function for call to ‘g2o::BlockSolver<g2o::BlockSolverTraits<-1, -1> >::BlockSolver(g2o::BlockSolver<g2o::BlockSolverTraits<-1, -1> >::LinearSolverType*&)’
 5261 |   g2o::BlockSolverX *solver_ptr = new g2o::BlockSolverX(linearSolver);
      |                                                                     ^
/opt/ORB_SLAM3/thirdparty/lib/g2o/include/g2o/core/block_solver.hpp:42:1: note: candidate: ‘g2o::BlockSolver<Traits>::BlockSolver(std::unique_ptr<typename Traits::LinearSolverType>) [with Traits = g2o::BlockSolverTraits<-1, -1>; typename Traits::LinearSolverType = g2o::LinearSolver<Eigen::Matrix<double, -1, -1> >]’
   42 | BlockSolver<Traits>::BlockSolver(std::unique_ptr<LinearSolverType> linearSolver)
      | ^~~~~~~~~~~~~~~~~~~
/opt/ORB_SLAM3/thirdparty/lib/g2o/include/g2o/core/block_solver.hpp:42:68: note:   no known conversion for argument 1 from ‘g2o::BlockSolver<g2o::BlockSolverTraits<-1, -1> >::LinearSolverType*’ {aka ‘g2o::LinearSolver<Eigen::Matrix<double, -1, -1> >*’} to ‘std::unique_ptr<g2o::LinearSolver<Eigen::Matrix<double, -1, -1> >, std::default_delete<g2o::LinearSolver<Eigen::Matrix<double, -1, -1> > > >’
   42 | BlockSolver<Traits>::BlockSolver(std::unique_ptr<LinearSolverType> linearSolver)
      |                                  ~~~~~~~~~~~~~~~~~~~~~~~~~~~~~~~~~~^~~~~~~~~~~~
/opt/ORB_SLAM3/src/Optimizer.cc:5264:57: error: no matching function for call to ‘g2o::OptimizationAlgorithmLevenberg::OptimizationAlgorithmLevenberg(g2o::BlockSolverX*&)’
 5264 |       new g2o::OptimizationAlgorithmLevenberg(solver_ptr);
      |                                                         ^
/opt/ORB_SLAM3/thirdparty/lib/g2o/include/g2o/core/optimization_algorithm_levenberg.h:47:12: note: candidate: ‘g2o::OptimizationAlgorithmLevenberg::OptimizationAlgorithmLevenberg(std::unique_ptr<g2o::Solver>)’
   47 |   explicit OptimizationAlgorithmLevenberg(std::unique_ptr<Solver> solver);
      |            ^~~~~~~~~~~~~~~~~~~~~~~~~~~~~~
/opt/ORB_SLAM3/thirdparty/lib/g2o/include/g2o/core/optimization_algorithm_levenberg.h:47:67: note:   no known conversion for argument 1 from ‘g2o::BlockSolverX*’ {aka ‘g2o::BlockSolver<g2o::BlockSolverTraits<-1, -1> >*’} to ‘std::unique_ptr<g2o::Solver>’
   47 |   explicit OptimizationAlgorithmLevenberg(std::unique_ptr<Solver> solver);
      |                                           ~~~~~~~~~~~~~~~~~~~~~~~~^~~~~~
make[3]: *** [CMakeFiles/ORB_SLAM3.dir/build.make:370: CMakeFiles/ORB_SLAM3.dir/src/Optimizer.cc.o] Error 1
make[2]: *** [CMakeFiles/Makefile2:107: CMakeFiles/ORB_SLAM3.dir/all] Error 2
make[1]: *** [Makefile:91: all] Error 2
make: *** [Makefile:6: ORB_SLAM3] Error 2
